
> fowzia-bloodline@1.0.0 build
> next build

  ▲ Next.js 14.2.18
  - Environments: .env.local, .env

   Creating an optimized production build ...
<w> [webpack.cache.PackFileCacheStrategy] Serializing big strings (231kiB) impacts deserialization performance (consider using Buffer instead and decode when needed)
 ✓ Compiled successfully
   Linting and checking validity of types ...
   Collecting page data ...
   Generating static pages (0/31) ...
   Generating static pages (7/31) 
   Generating static pages (15/31) 
 ⨯ useSearchParams() should be wrapped in a suspense boundary at page "/login". Read more: https://nextjs.org/docs/messages/missing-suspense-with-csr-bailout
    at o (D:\Personal\fowzia-bloodline\.next\server\chunks\3675.js:1:10474)
    at c (D:\Personal\fowzia-bloodline\.next\server\chunks\3675.js:1:21319)
    at m (D:\Personal\fowzia-bloodline\.next\server\app\(auth)\login\page.js:1:2520)
    at nj (D:\Personal\fowzia-bloodline\node_modules\next\dist\compiled\next-server\app-page.runtime.prod.js:12:46251)
    at nM (D:\Personal\fowzia-bloodline\node_modules\next\dist\compiled\next-server\app-page.runtime.prod.js:12:47571)
    at nN (D:\Personal\fowzia-bloodline\node_modules\next\dist\compiled\next-server\app-page.runtime.prod.js:12:64546)
    at nI (D:\Personal\fowzia-bloodline\node_modules\next\dist\compiled\next-server\app-page.runtime.prod.js:12:47010)
    at nM (D:\Personal\fowzia-bloodline\node_modules\next\dist\compiled\next-server\app-page.runtime.prod.js:12:47717)
    at nM (D:\Personal\fowzia-bloodline\node_modules\next\dist\compiled\next-server\app-page.runtime.prod.js:12:61546)
    at nN (D:\Personal\fowzia-bloodline\node_modules\next\dist\compiled\next-server\app-page.runtime.prod.js:12:64546)

Error occurred prerendering page "/login". Read more: https://nextjs.org/docs/messages/prerender-error

   Generating static pages (23/31) 
 ✓ Generating static pages (31/31)

> Export encountered errors on following paths:
	/(auth)/login/page: /login
